// Jest Snapshot v1, https://goo.gl/fbAQLP

exports[`<Article /> <Article /> snapshot test 1`] = `
<Article
  card={
    Object {
      "date": 2007,
      "description": "American drama",
      "genre": "Dramas",
      "id": 1,
      "name": "Vampire diaries",
      "text": "The Vampire Diaries is an American supernatural teen drama television series developed by Kevin Williamson and Julie Plec, based on the popular book series of the same name written by L. J. Smith.",
      "time": 145,
    }
  }
>
  <Box
    className="article"
    direction="horizontal"
    inline={false}
  >
    <div
      className="root article horizontal"
      style={
        Object {
          "height": "undefined",
          "margin": "undefined",
          "marginBottom": "undefined",
          "marginLeft": "undefined",
          "marginRight": "undefined",
          "marginTop": "undefined",
          "maxHeight": "undefined",
          "maxWidth": "undefined",
          "minHeight": "undefined",
          "minWidth": "undefined",
          "padding": "undefined",
          "paddingBottom": "undefined",
          "paddingLeft": "undefined",
          "paddingRight": "undefined",
          "paddingTop": "undefined",
          "width": "undefined",
        }
      }
    >
      <figure>
        <img
          alt="Vampire diaries"
          className="image"
          src="test-file-stub"
        />
      </figure>
      <article
        data-testid="article"
      >
        <h1
          className="name"
        >
          Vampire diaries
        </h1>
        <div
          className="description"
        >
          American drama
        </div>
        <div
          className="info"
        >
          <span
            className="date"
          >
            2007
          </span>
          <span
            className="time"
          >
            145
             min
          </span>
        </div>
        <div
          className="text"
        >
          The Vampire Diaries is an American supernatural teen drama television series developed by Kevin Williamson and Julie Plec, based on the popular book series of the same name written by L. J. Smith.
        </div>
      </article>
    </div>
  </Box>
</Article>
`;
