// Jest Snapshot v1, https://goo.gl/fbAQLP

exports[`<Main> <Main> snapshot test 1`] = `
<main
  className="main"
>
  <div
    className="container"
  >
    <div
      className="root wrapper horizontal center"
      style={
        Object {
          "height": "undefined",
          "margin": "undefined",
          "marginBottom": "undefined",
          "marginLeft": "undefined",
          "marginRight": "undefined",
          "marginTop": "undefined",
          "maxHeight": "undefined",
          "maxWidth": "undefined",
          "minHeight": "undefined",
          "minWidth": "undefined",
          "padding": "undefined",
          "paddingBottom": "undefined",
          "paddingLeft": "undefined",
          "paddingRight": "undefined",
          "paddingTop": "undefined",
          "width": "undefined",
        }
      }
    >
      <figure
        className="card"
      >
        <button
          area-label="Vampire diaries"
          onClick={[Function]}
        >
          <img
            alt="Vampire diaries"
            className="image"
            src="test-file-stub"
          />
        </button>
        <figcaption>
          <div
            className="root horizontal spaceBetween middle"
            style={
              Object {
                "height": "undefined",
                "margin": "undefined",
                "marginBottom": "undefined",
                "marginLeft": "undefined",
                "marginRight": "undefined",
                "marginTop": "undefined",
                "maxHeight": "undefined",
                "maxWidth": "undefined",
                "minHeight": "undefined",
                "minWidth": "undefined",
                "padding": "undefined",
                "paddingBottom": "undefined",
                "paddingLeft": "undefined",
                "paddingRight": "undefined",
                "paddingTop": "undefined",
                "width": "undefined",
              }
            }
          >
            <div
              className="name"
            >
              Vampire diaries
            </div>
            <div
              className="date"
            >
              2007
            </div>
          </div>
          <div
            className="genre"
          >
            Dramas
          </div>
        </figcaption>
      </figure>
      <figure
        className="card"
      >
        <button
          area-label="The Fault in Our Stars"
          onClick={[Function]}
        >
          <img
            alt="The Fault in Our Stars"
            className="image"
            src="test-file-stub"
          />
        </button>
        <figcaption>
          <div
            className="root horizontal spaceBetween middle"
            style={
              Object {
                "height": "undefined",
                "margin": "undefined",
                "marginBottom": "undefined",
                "marginLeft": "undefined",
                "marginRight": "undefined",
                "marginTop": "undefined",
                "maxHeight": "undefined",
                "maxWidth": "undefined",
                "minHeight": "undefined",
                "minWidth": "undefined",
                "padding": "undefined",
                "paddingBottom": "undefined",
                "paddingLeft": "undefined",
                "paddingRight": "undefined",
                "paddingTop": "undefined",
                "width": "undefined",
              }
            }
          >
            <div
              className="name"
            >
              The Fault in Our Stars
            </div>
            <div
              className="date"
            >
              2014
            </div>
          </div>
          <div
            className="genre"
          >
            Drama
          </div>
        </figcaption>
      </figure>
    </div>
  </div>
</main>
`;
